// Jest Snapshot v1, https://goo.gl/fbAQLP

exports[`Model Currency should create instance 1`] = `"{\\"numeral\\":{\\"_input\\":100,\\"_value\\":100},\\"field\\":{\\"displayName\\":\\"test\\"},\\"decimals\\":2,\\"isPercent\\":false}"`;
